../Core/Src/main.c:140:6:HAL_UART_RxCpltCallback	16	static
../Core/Src/main.c:153:6:HAL_UART_TxCpltCallback	16	static
../Core/Src/main.c:167:5:main	80	static
../Core/Src/main.c:258:6:SystemClock_Config	120	static
../Core/Src/main.c:320:6:PeriphCommonClock_Config	200	static
../Core/Src/main.c:347:13:MX_ADC1_Init	48	static
../Core/Src/main.c:415:13:MX_ADC2_Init	40	static
../Core/Src/main.c:474:13:MX_ADC3_Init	40	static
../Core/Src/main.c:532:13:MX_ETH_Init	8	static
../Core/Src/main.c:581:13:MX_FDCAN1_Init	8	static
../Core/Src/main.c:634:13:MX_FDCAN2_Init	8	static
../Core/Src/main.c:687:13:MX_LTDC_Init	112	static
../Core/Src/main.c:769:13:MX_QUADSPI_Init	8	static
../Core/Src/main.c:804:13:MX_RTC_Init	8	static
../Core/Src/main.c:840:13:MX_SAI2_Init	8	static
../Core/Src/main.c:921:13:MX_SPI2_Init	8	static
../Core/Src/main.c:969:13:MX_USART1_UART_Init	8	static
../Core/Src/main.c:1017:13:MX_USART3_UART_Init	8	static
../Core/Src/main.c:1065:13:MX_USB_OTG_FS_PCD_Init	8	static
../Core/Src/main.c:1097:13:MX_FMC_Init	40	static
../Core/Src/main.c:1148:13:MX_GPIO_Init	72	static
../Core/Src/main.c:1285:6:Error_Handler	4	static,ignoring_inline_asm
