../Core/Src/stm32h7xx_hal_msp.c:63:6:HAL_MspInit	16	static
../Core/Src/stm32h7xx_hal_msp.c:86:6:HAL_ADC_MspInit	72	static
../Core/Src/stm32h7xx_hal_msp.c:188:6:HAL_ADC_MspDeInit	16	static
../Core/Src/stm32h7xx_hal_msp.c:259:6:HAL_ETH_MspInit	80	static
../Core/Src/stm32h7xx_hal_msp.c:361:6:HAL_ETH_MspDeInit	16	static
../Core/Src/stm32h7xx_hal_msp.c:422:6:HAL_FDCAN_MspInit	248	static
../Core/Src/stm32h7xx_hal_msp.c:509:6:HAL_FDCAN_MspDeInit	16	static
../Core/Src/stm32h7xx_hal_msp.c:562:6:HAL_LTDC_MspInit	256	static
../Core/Src/stm32h7xx_hal_msp.c:671:6:HAL_LTDC_MspDeInit	16	static
../Core/Src/stm32h7xx_hal_msp.c:737:6:HAL_QSPI_MspInit	248	static
../Core/Src/stm32h7xx_hal_msp.c:811:6:HAL_QSPI_MspDeInit	16	static
../Core/Src/stm32h7xx_hal_msp.c:848:6:HAL_RTC_MspInit	208	static
../Core/Src/stm32h7xx_hal_msp.c:881:6:HAL_RTC_MspDeInit	16	static
../Core/Src/stm32h7xx_hal_msp.c:903:6:HAL_SPI_MspInit	248	static
../Core/Src/stm32h7xx_hal_msp.c:975:6:HAL_SPI_MspDeInit	16	static
../Core/Src/stm32h7xx_hal_msp.c:1010:6:HAL_UART_MspInit	248	static
../Core/Src/stm32h7xx_hal_msp.c:1101:6:HAL_UART_MspDeInit	16	static
../Core/Src/stm32h7xx_hal_msp.c:1150:6:HAL_PCD_MspInit	240	static
../Core/Src/stm32h7xx_hal_msp.c:1206:6:HAL_PCD_MspDeInit	16	static
../Core/Src/stm32h7xx_hal_msp.c:1232:13:HAL_FMC_MspInit	232	static
../Core/Src/stm32h7xx_hal_msp.c:1341:6:HAL_SDRAM_MspInit	16	static
../Core/Src/stm32h7xx_hal_msp.c:1353:13:HAL_FMC_MspDeInit	8	static
../Core/Src/stm32h7xx_hal_msp.c:1425:6:HAL_SDRAM_MspDeInit	16	static
../Core/Src/stm32h7xx_hal_msp.c:1437:6:HAL_SAI_MspInit	240	static
../Core/Src/stm32h7xx_hal_msp.c:1508:6:HAL_SAI_MspDeInit	16	static
